
> frontend@0.0.0 lint
> eslint .


C:\Users\harsh\OneDrive\Desktop\hostel-complaint-system\frontend\src\components\AdminDashboard.jsx
   2:10  error  'motion' is defined but never used. Allowed unused vars must match /^[A-Z_]/u            no-unused-vars
   7:10  error  'fadeInUp' is defined but never used. Allowed unused vars must match /^[A-Z_]/u          no-unused-vars
   7:38  error  'scaleIn' is defined but never used. Allowed unused vars must match /^[A-Z_]/u           no-unused-vars
  14:10  error  'loading' is assigned a value but never used. Allowed unused vars must match /^[A-Z_]/u  no-unused-vars

C:\Users\harsh\OneDrive\Desktop\hostel-complaint-system\frontend\src\components\ComplaintForm.jsx
  2:10  error  'motion' is defined but never used. Allowed unused vars must match /^[A-Z_]/u  no-unused-vars

C:\Users\harsh\OneDrive\Desktop\hostel-complaint-system\frontend\src\components\ComplaintList.jsx
   2:10  error  'motion' is defined but never used. Allowed unused vars must match /^[A-Z_]/u    no-unused-vars
   3:10  error  'fadeInUp' is defined but never used. Allowed unused vars must match /^[A-Z_]/u  no-unused-vars
  27:41  error  'index' is defined but never used                                                no-unused-vars

C:\Users\harsh\OneDrive\Desktop\hostel-complaint-system\frontend\src\components\LandingPage\LandingPage.jsx
  2:10  error  'motion' is defined but never used. Allowed unused vars must match /^[A-Z_]/u  no-unused-vars

C:\Users\harsh\OneDrive\Desktop\hostel-complaint-system\frontend\src\components\Login.jsx
    2:10  error  'motion' is defined but never used. Allowed unused vars must match /^[A-Z_]/u                    no-unused-vars
   17:10  error  'showPassword' is assigned a value but never used. Allowed unused vars must match /^[A-Z_]/u     no-unused-vars
   17:24  error  'setShowPassword' is assigned a value but never used. Allowed unused vars must match /^[A-Z_]/u  no-unused-vars
  108:14  error  'error' is defined but never used                                                                no-unused-vars

C:\Users\harsh\OneDrive\Desktop\hostel-complaint-system\frontend\src\components\Register.jsx
   2:10  error  'motion' is defined but never used. Allowed unused vars must match /^[A-Z_]/u    no-unused-vars
   4:10  error  'fadeInUp' is defined but never used. Allowed unused vars must match /^[A-Z_]/u  no-unused-vars
  97:14  error  'error' is defined but never used                                                no-unused-vars

C:\Users\harsh\OneDrive\Desktop\hostel-complaint-system\frontend\src\components\StudentDashboard.jsx
   2:10  error  'motion' is defined but never used. Allowed unused vars must match /^[A-Z_]/u            no-unused-vars
   7:10  error  'format' is defined but never used. Allowed unused vars must match /^[A-Z_]/u            no-unused-vars
   8:10  error  'fadeInUp' is defined but never used. Allowed unused vars must match /^[A-Z_]/u          no-unused-vars
  15:16  error  'setUser' is assigned a value but never used. Allowed unused vars must match /^[A-Z_]/u  no-unused-vars
  17:10  error  'loading' is assigned a value but never used. Allowed unused vars must match /^[A-Z_]/u  no-unused-vars
  46:16  error  'error' is defined but never used                                                        no-unused-vars

C:\Users\harsh\OneDrive\Desktop\hostel-complaint-system\frontend\src\components\ui\Button.jsx
  1:10  error  'motion' is defined but never used. Allowed unused vars must match /^[A-Z_]/u     no-unused-vars
  2:10  error  'buttonTap' is defined but never used. Allowed unused vars must match /^[A-Z_]/u  no-unused-vars

C:\Users\harsh\OneDrive\Desktop\hostel-complaint-system\frontend\src\components\ui\Input.jsx
  2:10  error  'motion' is defined but never used. Allowed unused vars must match /^[A-Z_]/u  no-unused-vars

C:\Users\harsh\OneDrive\Desktop\hostel-complaint-system\frontend\src\context\AuthContext.jsx
   16:7   error  Error: Calling setState synchronously within an effect can trigger cascading renders

Effects are intended to synchronize state between React and external systems such as manually updating the DOM, state management libraries, or other platform APIs. In general, the body of an effect should do one or both of the following:
* Update external systems with the latest state from React.
* Subscribe for updates from some external system, calling setState in a callback function when external state changes.

Calling setState synchronously within an effect body causes cascading renders that can hurt performance, and is not recommended. (https://react.dev/learn/you-might-not-need-an-effect).

  14 |     
  15 |     if (savedToken && savedUser) {
> 16 |       setToken(savedToken);
     |       ^^^^^^^^ Avoid calling setState() directly within an effect
  17 |       setUser(JSON.parse(savedUser));
  18 |     }
  19 |     setLoading(false);  react-hooks/set-state-in-effect
  120:14  error  Fast refresh only works when a file only exports components. Use a new file to share constants or functions between components                                                                                                                                                                                                                                                                                                                                                                                                                                                                                                                                                                                                                                                                                                                                                                                                                                                react-refresh/only-export-components

Γ£û 27 problems (27 errors, 0 warnings)

